// Jest Snapshot v1, https://goo.gl/fbAQLP

exports[`App should be like snapshot 1`] = `ShallowWrapper {}`;
