// Jest Snapshot v1, https://goo.gl/fbAQLP

exports[`Details should be like snapshot 1`] = `ShallowWrapper {}`;
