// Jest Snapshot v1, https://goo.gl/fbAQLP

exports[`ErrorBoundary should be like snapshot 1`] = `ShallowWrapper {}`;
