// Jest Snapshot v1, https://goo.gl/fbAQLP

exports[`Footer should be like snapshot 1`] = `ShallowWrapper {}`;
