// Jest Snapshot v1, https://goo.gl/fbAQLP

exports[`Items should be like snapshot 1`] = `ShallowWrapper {}`;
