// Jest Snapshot v1, https://goo.gl/fbAQLP

exports[`Item should be like snapshot 1`] = `ShallowWrapper {}`;
