// Jest Snapshot v1, https://goo.gl/fbAQLP

exports[`Logo should be like snapshot 1`] = `ShallowWrapper {}`;
