// Jest Snapshot v1, https://goo.gl/fbAQLP

exports[`SearchField should be like snapshot 1`] = `ShallowWrapper {}`;
